
There are no discarded input sections

Memory Configuration

Name             Origin             Length             Attributes
FLASH            0x08000000         0x00080000         xr
SRAM             0x20000000         0x00020000         xrw
*default*        0x00000000         0xffffffff

Linker script and memory map

LOAD object/kmath.o
LOAD object/kfloat.o
LOAD object/cm4.o
LOAD object/mcu_info.o
LOAD object/kstring.o
LOAD object/kmain.o
LOAD object/stm32_startup.o
LOAD object/sys_clock.o
LOAD object/sys_usart.o
LOAD object/sys_gpio.o
LOAD object/kstdio.o
LOAD object/kunistd.o
LOAD object/sys_init.o
LOAD object/unistd.o
LOAD object/times.o
LOAD object/serial_lin.o
LOAD object/UsartRingBuffer.o
LOAD object/debug.o
LOAD object/timer.o
LOAD object/sys_err.o
LOAD object/sys_rtc.o
LOAD object/syscall.o
LOAD object/user_main.o

.text           0x08000000     0x53ec
                0x08000000                        _stext = .
 *(.isr_vector)
 .isr_vector    0x08000000      0x1c4 object/stm32_startup.o
                0x08000000                NVIC_VECTOR
 *(.text)
 .text          0x080001c4       0x4e object/kmath.o
                0x080001c4                __pow
 *fill*         0x08000212        0x2 
 .text          0x08000214      0xecc object/kfloat.o
                0x08000214                __aeabi_f2d
                0x080002da                __aeabi_d2f
                0x08000362                __aeabi_d2iz
                0x080003f2                __aeabi_d2i
                0x08000482                get_decimal_part
                0x0800056c                __aeabi_ui2d
                0x080005ec                __aeabi_d2uiz
                0x08000662                __aeabi_dsub
                0x08000920                __aeabi_dmul
                0x08000ad2                __aeabi_dadd
                0x08000d80                __aeabi_d2ulz
                0x08000dfe                __aeabi_ddiv
                0x080010a0                __aeabi_dcmpeq
 .text          0x080010e0      0x224 object/cm4.o
                0x080010e0                __SysTick_init
                0x08001124                SysTickIntDisable
                0x08001144                SysTickIntEnable
                0x08001164                __SysTick_enable
                0x08001184                __sysTick_disable
                0x080011a4                __getSysTickCount
                0x080011bc                __updateSysTick
                0x080011da                __getTime
                0x080011f0                __get__Second
                0x08001214                __get__Minute
                0x08001230                __get__Hour
                0x0800124c                SysTick_Handler
                0x08001268                __enable_fpu
                0x0800128c                ms_delay
                0x080012bc                getmsTick
                0x080012d4                wait_until
                0x080012f4                SYS_SLEEP_WFI
 .text          0x08001304      0x1a8 object/mcu_info.o
                0x08001304                show_system_info
                0x080013b0                store_product_id
                0x08001498                get_product_id
 .text          0x080014ac      0x8ec object/kstring.o
                0x080014ac                __str_to_num
                0x0800158e                __reverse_str
                0x080015ec                __strlen
                0x0800161a                convert
                0x08001698                convertu32
                0x080016f0                float2str
                0x080017bc                str2float
                0x080018be                kmemset
                0x080018fe                StrCat
                0x08001948                strcopy
                0x08001982                clear_str
                0x080019c0                strncopy
                0x08001a12                strn4mcopy
                0x08001a60                byte_to_hex
                0x08001ad4                show_byte_hex_str
                0x08001b14                show_byte_stream_hex
                0x08001b54                strcomp
                0x08001ba4                strncopy_cmd
                0x08001bf2                uint16_to_str
                0x08001d44                strCat_n_to_m
 .text          0x08001d98       0x10 object/kmain.o
                0x08001d98                kmain
 .text          0x08001da8      0x114 object/stm32_startup.o
                0x08001da8                Reset_Handler
                0x08001e60                FLASH_Handler
                0x08001e60                OTG_HS_EP1_IN_Handler
                0x08001e60                DMA2_Stream7_Handler
                0x08001e60                OTG_HS_Handler
                0x08001e60                SPI4_Handler
                0x08001e60                DMA2_Stream3_Handler
                0x08001e60                USART3_Handler
                0x08001e60                PendSV_Handler
                0x08001e60                NMI_Handler
                0x08001e60                SAI1_Handler
                0x08001e60                TIM6_DAC_Handler
                0x08001e60                CAN1_RX1_Handler
                0x08001e60                EXTI15_10_Handler
                0x08001e60                ADC_Handler
                0x08001e60                I2C1_EV_Handler
                0x08001e60                TAMP_STAMP_Handler
                0x08001e60                I2C3_ER_Handler
                0x08001e60                WWDG_Handler
                0x08001e60                EXTI4_Handler
                0x08001e60                I2C3_EV_Handler
                0x08001e60                DMA1_Stream1_Handler
                0x08001e60                DMA2_Stream4_Handler
                0x08001e60                DMA1_Stream7_Handler
                0x08001e60                OTG_FS_Handler
                0x08001e60                TIM1_BRK_TIM9_Handler
                0x08001e60                I2C1_ER_Handler
                0x08001e60                DMA1_Stream3_Handler
                0x08001e60                UsageFault_Handler
                0x08001e60                TIM1_UP_TIM10_Handler
                0x08001e60                CAN1_RX0_Handler
                0x08001e60                TIM1_CC_Handler
                0x08001e60                I2C2_ER_Handler
                0x08001e60                TIM8_CC_Handler
                0x08001e60                HDMI_CEC_Handler
                0x08001e60                SAI2_Handler
                0x08001e60                CAN1_SCE_Handler
                0x08001e60                DMA1_Stream0_Handler
                0x08001e60                OTG_HS_EP1_OUT_Handler
                0x08001e60                EXTI1_Handler
                0x08001e60                RTC_WKUP_Handler
                0x08001e60                FMC_Handler
                0x08001e60                EXTI3_Handler
                0x08001e60                EXTI2_Handler
                0x08001e60                UART4_Handler
                0x08001e60                CAN2_RX1_Handler
                0x08001e60                EXTI9_5_Handler
                0x08001e60                USART1_Handler
                0x08001e60                CAN2_SCE_Handler
                0x08001e60                TIM3_Handler
                0x08001e60                DMA2_Stream6_Handler
                0x08001e60                Default_Handler
                0x08001e60                DCMI_Handler
                0x08001e60                TIM1_TRG_COM_TIM11_Handler
                0x08001e60                RTC_Alarm_Handler
                0x08001e60                TIM4_Handler
                0x08001e60                TIM8_UP_TIM13_Handler
                0x08001e60                CAN2_TX_Handler
                0x08001e60                SPI2_Handler
                0x08001e60                DMA2_Stream1_Handler
                0x08001e60                DMA1_Stream2_Handler
                0x08001e60                OTG_FS_WKUP_Handler
                0x08001e60                EXTI0_Handler
                0x08001e60                TIM8_BRK_TIM12_Handler
                0x08001e60                CAN2_RX0_Handler
                0x08001e60                DMA2_Stream5_Handler
                0x08001e60                DMA1_Stream6_Handler
                0x08001e60                SDIO_Handler
                0x08001e60                FMPI2C1_ERR_Handler
                0x08001e60                SPI1_Handler
                0x08001e60                I2C2_EV_Handler
                0x08001e60                SPDIF_Rx_Handler
                0x08001e60                DMA2_Stream2_Handler
                0x08001e60                SPI3_Handler
                0x08001e60                DMA2_Stream0_Handler
                0x08001e60                RCC_Handler
                0x08001e60                PVD_Handler
                0x08001e60                UART5_Handler
                0x08001e60                DMA1_Stream5_Handler
                0x08001e60                TIM5_Handler
                0x08001e60                QuadSPI_Handler
                0x08001e60                TIM7_Handler
                0x08001e60                TIM8_TRG_COM_TIM14_Handler
                0x08001e60                CAN1_TX_Handler
                0x08001e60                FPU_Handler
                0x08001e60                FMPI2C1_Handler
                0x08001e60                OTG_HS_WKUP_Handler
                0x08001e60                DMA1_Stream4_Handler
                0x08001e60                DebugMonitor_Handler
                0x08001e68                HardFault_Handler
                0x08001e70                MemManage_Handler
                0x08001e78                BusFault_Handler
                0x08001e80                SVCall_Handler
                0x08001e9c                SVC_Handler_C
 .text          0x08001ebc      0x308 object/sys_clock.o
                0x08001ebc                __init_sys_clock
                0x08001f88                __APB1CLK_FREQ
                0x08002004                __APB2CLK_FREQ
                0x08002080                __PLL_SYS_CLK
                0x08002118                __AHB_CLK
 .text          0x080021c4      0x584 object/sys_usart.o
                0x08002274                UART_Init
                0x0800230e                UART_DeInit
                0x0800237c                UART_BRR_SAMPLING16
                0x08002510                UART_MspInit
 .text          0x08002748      0x5bc object/sys_gpio.o
                0x08002748                GPIO_WritePin
                0x0800277a                GPIO_Init
                0x08002a80                GPIO_DeInit
                0x08002c68                SPI_GPIOInit
 .text          0x08002d04      0x378 object/kstdio.o
                0x08002d04                kprintf
                0x08002eb4                putstr
                0x08002ef0                kputchar
                0x08002f10                kscanf
 .text          0x0800307c      0x180 object/kunistd.o
                0x0800307c                k_getSysTickTime
                0x08003092                k_write
                0x080030fc                k_read
                0x0800319a                k_getpid
                0x080031aa                k_yield
                0x080031b8                k_exit
                0x080031cc                k_reboot
 .text          0x080031fc      0x120 object/sys_init.o
                0x08003274                display_group_info
                0x080032b0                __sys_init
                0x08003310                SYS_ROUTINE
 .text          0x0800331c      0x1b4 object/unistd.o
                0x0800331c                getSysTickTime
                0x0800335a                write
                0x0800339e                read
                0x080033e2                getpid
                0x08003420                yield
                0x0800345c                exitt
                0x08003492                reboot
 .text          0x080034d0        0x0 object/times.o
 .text          0x080034d0      0x1b8 object/serial_lin.o
                0x080034d0                SerialLin2_init
                0x08003568                SerialLin6_init
                0x08003600                USART2_Handler
                0x08003614                USART6_Handler
                0x08003628                noIntWrite
                0x08003658                noIntSendString
 .text          0x08003688      0xb78 object/UsartRingBuffer.o
                0x08003688                Ringbuf_init
                0x08003722                Look_for
                0x080037c2                GetDataFromBuffer
                0x08003902                Uart_flush
                0x08003938                Uart_peek
                0x080039b4                Uart_read
                0x08003a54                Uart_write
                0x08003b0c                IsDataAvailable
                0x08003b90                Get_after
                0x08003bee                Uart_sendstring
                0x08003c1c                Uart_printbase
                0x08003cb4                Copy_upto
                0x08003db4                Wait_for
                0x08003ea0                look_for_frame
                0x08004006                Uart_isr
                0x08004114                update_tail
                0x0800417a                debug_buffer
 .text          0x08004200      0x110 object/debug.o
                0x08004200                __debugRamUsage
                0x0800424c                __digitalWriteDebugButton
                0x080042a8                __digitalReadDebugButton
                0x080042d8                __alalogReadDebug
                0x080042f0                __analogWriteDebug
 .text          0x08004310      0x228 object/timer.o
                0x0800434c                ConfigTimer2ForSystem
                0x080043c8                Delay_micro_second
                0x0800445c                Delay
                0x0800448a                getMiliseconds
                0x080044cc                getMicroseconds
                0x080044fc                TIM2_Handler
 .text          0x08004538       0x14 object/sys_err.o
                0x08004538                Error_Handler
 .text          0x0800454c      0x364 object/sys_rtc.o
                0x0800454c                SYS_RTC_init
                0x080047f4                get_timeofDay
 .text          0x080048b0       0xd4 object/syscall.o
                0x080048b0                syscall
 .text          0x08004984      0x120 object/user_main.o
                0x08004984                main
 *(.rodata)
 .rodata        0x08004aa4       0x64 object/mcu_info.o
 .rodata        0x08004b08        0x6 object/kstring.o
 *fill*         0x08004b0e        0x2 
 .rodata        0x08004b10        0x4 object/stm32_startup.o
                0x08004b10                STACK_START
 .rodata        0x08004b14       0x18 object/sys_clock.o
                0x08004b14                AHBPrescTable
                0x08004b24                APBPrescTable
 .rodata        0x08004b2c       0x2d object/kunistd.o
 *fill*         0x08004b59        0x3 
 .rodata        0x08004b5c       0x73 object/sys_init.o
 *fill*         0x08004bcf        0x1 
 .rodata        0x08004bd0      0x6f8 object/syscall.o
                0x080051c0                sys_errlist
                0x080052c4                sys_nerr
 .rodata        0x080052c8      0x124 object/user_main.o
                0x080053ec                        . = ALIGN (0x4)
                0x080053ec                        _etext = .
                0x080053ec                        _la_data = LOADADDR (.data)

.glue_7         0x080053ec        0x0
 .glue_7        0x080053ec        0x0 linker stubs

.glue_7t        0x080053ec        0x0
 .glue_7t       0x080053ec        0x0 linker stubs

.vfp11_veneer   0x080053ec        0x0
 .vfp11_veneer  0x080053ec        0x0 linker stubs

.v4_bx          0x080053ec        0x0
 .v4_bx         0x080053ec        0x0 linker stubs

.iplt           0x080053ec        0x0
 .iplt          0x080053ec        0x0 object/kfloat.o

.rel.dyn        0x080053ec        0x0
 .rel.iplt      0x080053ec        0x0 object/kfloat.o

.data           0x20000000       0x6c load address 0x080053ec
                0x20000000                        _sdata = .
 *(.data)
 .data          0x20000000        0x0 object/kmath.o
 .data          0x20000000        0x0 object/kfloat.o
 .data          0x20000000        0x0 object/cm4.o
 .data          0x20000000        0x0 object/mcu_info.o
 .data          0x20000000       0x61 object/kstring.o
 .data          0x20000061        0x0 object/kmain.o
 .data          0x20000061        0x0 object/stm32_startup.o
 .data          0x20000061        0x0 object/sys_clock.o
 .data          0x20000061        0x0 object/sys_usart.o
 .data          0x20000061        0x0 object/sys_gpio.o
 .data          0x20000061        0x0 object/kstdio.o
 .data          0x20000061        0x0 object/kunistd.o
 .data          0x20000061        0x0 object/sys_init.o
 .data          0x20000061        0x0 object/unistd.o
 .data          0x20000061        0x0 object/times.o
 *fill*         0x20000061        0x3 
 .data          0x20000064        0x8 object/serial_lin.o
                0x20000064                errObj
 .data          0x2000006c        0x0 object/UsartRingBuffer.o
 .data          0x2000006c        0x0 object/debug.o
 .data          0x2000006c        0x0 object/timer.o
 .data          0x2000006c        0x0 object/sys_err.o
 .data          0x2000006c        0x0 object/sys_rtc.o
 .data          0x2000006c        0x0 object/syscall.o
 .data          0x2000006c        0x0 object/user_main.o
                0x2000006c                        . = ALIGN (0x4)
                0x2000006c                        _edata = .

.igot.plt       0x2000006c        0x0 load address 0x08005458
 .igot.plt      0x2000006c        0x0 object/kfloat.o

.bss            0x2000006c      0x901 load address 0x08005458
                0x2000006c                        _sbss = .
 *(.bss)
 .bss           0x2000006c        0x0 object/kmath.o
 .bss           0x2000006c        0x0 object/kfloat.o
 .bss           0x2000006c        0xc object/cm4.o
 .bss           0x20000078       0x14 object/mcu_info.o
 .bss           0x2000008c       0x32 object/kstring.o
 .bss           0x200000be        0x0 object/kmain.o
 *fill*         0x200000be        0x2 
 .bss           0x200000c0        0xc object/stm32_startup.o
                0x200000c0                _bss_size
                0x200000c4                _data_size
                0x200000c8                _text_size
 .bss           0x200000cc        0x0 object/sys_clock.o
 .bss           0x200000cc        0x0 object/sys_usart.o
 .bss           0x200000cc        0x0 object/sys_gpio.o
 .bss           0x200000cc        0x0 object/kstdio.o
 .bss           0x200000cc        0x0 object/kunistd.o
 .bss           0x200000cc        0x0 object/sys_init.o
 .bss           0x200000cc        0x0 object/unistd.o
 .bss           0x200000cc        0x0 object/times.o
 .bss           0x200000cc      0x890 object/serial_lin.o
                0x200000cc                huart2
                0x20000514                huart6
 .bss           0x2000095c        0x0 object/UsartRingBuffer.o
 .bss           0x2000095c        0xc object/debug.o
                0x20000960                CURRENT_MSP
                0x20000964                DEBUG_BUTTON
                0x20000966                DEBUG_ANALOG_IO
 .bss           0x20000968        0x5 object/timer.o
 .bss           0x2000096d        0x0 object/sys_err.o
 .bss           0x2000096d        0x0 object/sys_rtc.o
 .bss           0x2000096d        0x0 object/syscall.o
 .bss           0x2000096d        0x0 object/user_main.o
                0x2000096d                        _ebss = .
OUTPUT(build/final.elf elf32-littlearm)
LOAD linker stubs

.comment        0x00000000       0x46
 .comment       0x00000000       0x46 object/kmath.o
                                 0x47 (size before relaxing)
 .comment       0x00000046       0x47 object/kfloat.o
 .comment       0x00000046       0x47 object/cm4.o
 .comment       0x00000046       0x47 object/mcu_info.o
 .comment       0x00000046       0x47 object/kstring.o
 .comment       0x00000046       0x47 object/kmain.o
 .comment       0x00000046       0x47 object/stm32_startup.o
 .comment       0x00000046       0x47 object/sys_clock.o
 .comment       0x00000046       0x47 object/sys_usart.o
 .comment       0x00000046       0x47 object/sys_gpio.o
 .comment       0x00000046       0x47 object/kstdio.o
 .comment       0x00000046       0x47 object/kunistd.o
 .comment       0x00000046       0x47 object/sys_init.o
 .comment       0x00000046       0x47 object/unistd.o
 .comment       0x00000046       0x47 object/times.o
 .comment       0x00000046       0x47 object/serial_lin.o
 .comment       0x00000046       0x47 object/UsartRingBuffer.o
 .comment       0x00000046       0x47 object/debug.o
 .comment       0x00000046       0x47 object/timer.o
 .comment       0x00000046       0x47 object/sys_err.o
 .comment       0x00000046       0x47 object/sys_rtc.o
 .comment       0x00000046       0x47 object/syscall.o
 .comment       0x00000046       0x47 object/user_main.o

.ARM.attributes
                0x00000000       0x32
 .ARM.attributes
                0x00000000       0x32 object/kmath.o
 .ARM.attributes
                0x00000032       0x32 object/kfloat.o
 .ARM.attributes
                0x00000064       0x32 object/cm4.o
 .ARM.attributes
                0x00000096       0x32 object/mcu_info.o
 .ARM.attributes
                0x000000c8       0x32 object/kstring.o
 .ARM.attributes
                0x000000fa       0x32 object/kmain.o
 .ARM.attributes
                0x0000012c       0x32 object/stm32_startup.o
 .ARM.attributes
                0x0000015e       0x32 object/sys_clock.o
 .ARM.attributes
                0x00000190       0x32 object/sys_usart.o
 .ARM.attributes
                0x000001c2       0x32 object/sys_gpio.o
 .ARM.attributes
                0x000001f4       0x32 object/kstdio.o
 .ARM.attributes
                0x00000226       0x32 object/kunistd.o
 .ARM.attributes
                0x00000258       0x32 object/sys_init.o
 .ARM.attributes
                0x0000028a       0x32 object/unistd.o
 .ARM.attributes
                0x000002bc       0x32 object/times.o
 .ARM.attributes
                0x000002ee       0x32 object/serial_lin.o
 .ARM.attributes
                0x00000320       0x32 object/UsartRingBuffer.o
 .ARM.attributes
                0x00000352       0x32 object/debug.o
 .ARM.attributes
                0x00000384       0x32 object/timer.o
 .ARM.attributes
                0x000003b6       0x32 object/sys_err.o
 .ARM.attributes
                0x000003e8       0x32 object/sys_rtc.o
 .ARM.attributes
                0x0000041a       0x32 object/syscall.o
 .ARM.attributes
                0x0000044c       0x32 object/user_main.o
